[bemudayana.id/index.html]
[backblue.gif]
[fade.gif]
[index.html]
[bemudayana.id/bem_images/icon.png]
[bemudayana.id/bem_css/materialdesignicons.min.css]
[bemudayana.id/bem_css/bootstrap.min.css]
[bemudayana.id/bem_css/magnific-popup.css]
[bemudayana.id/bem_css/style.css]
[bemudayana.id/webfontkit/stylesheet.css]
[cdnjs.cloudflare.com/ajax/libs/animate.css/4.0.0/animate.min.css]
[bemudayana.id/fullcalendar/dist/fullcalendar.min.css]
[bemudayana.id/fullcalendar/dist/fullcalendar.print.min.css]
[ajax.googleapis.com/ajax/libs/jquery/3.4.1/jquery.min.js]
[cdnjs.cloudflare.com/ajax/libs/Counter-Up/1.0.0/jquery.counterup.min.js]
[cdnjs.cloudflare.com/ajax/libs/waypoints/4.0.1/jquery.waypoints.js]
[kit.fontawesome.com/846fb5ea74.js]
[bemudayana.id/bem_images/loader-bem-fix.gif]
[bemudayana.id/bem_images/logo-light.png]
[code.jquery.com/jquery-2.2.1.min.js]
[bemudayana.id/bem_index.html]
[bemudayana.id/bem_images/logo-dark.png]
[bemudayana.id/tentang.html]
[bemudayana.id/program_kerja.html]
[bemudayana.id/kontak.html]
[bemudayana.id/mainpage/blog-page.html]
[bemudayana.id/perekrutan_terbuka.html]
[bemudayana.id/lembaga_mahasiswa.html]
[bemudayana.id/ukm.html]
[bemudayana.id/paguyuban.html]
[bemudayana.id/asrama.html]
[bemudayana.id/bem_images/a1.png]
[bemudayana.id/bem_images/spirit/karsa.svg]
[bemudayana.id/bem_images/spirit/ruang.svg]
[bemudayana.id/bem_images/spirit/karya.svg]
[bemudayana.id/bem_images/dekat.jpg]
[bemudayana.id/admin.bemudayana.id/dashboard/dist/assets/img/S__21094851.jpg]
[bemudayana.id/mainpage/blogposts/single-pagefefb.html]
[bemudayana.id/admin.bemudayana.id/dashboard/dist/assets/img/wisuda bulan ini-01.jpg]
[bemudayana.id/mainpage/blogposts/single-page3934.html]
[bemudayana.id/admin.bemudayana.id/dashboard/dist/assets/img/jembud 3-01.jpg]
[bemudayana.id/mainpage/blogposts/single-page57d7.html]
[bemudayana.id/bem_images/jurnal.png]
[bemudayana.id/bem_images/sosial/instagram.png]
[bemudayana.id/bem_images/sosial/twitter.png]
[bemudayana.id/bem_images/sosial/youtube.png]
[bemudayana.id/bem_images/sosial/spotify.png]
[cdnjs.cloudflare.com/ajax/libs/animejs/2.0.2/anime.min.js]
[bemudayana.id/bem_js/jquery.min.js]
[bemudayana.id/bem_js/bootstrap.bundle.min.js]
[bemudayana.id/bem_js/jquery.magnific-popup.min.js]
[bemudayana.id/bem_js/feather.min.js]
[bemudayana.id/bem_js/magnific.init.js]
[bemudayana.id/bem_js/isotope.js]
[bemudayana.id/bem_js/portfolio.init.js]
[bemudayana.id/bem_js/app.js]
[bemudayana.id/bem_js/swiper.init.js]
[bemudayana.id/bem_js/swiper.min.js]
[bemudayana.id/bem_js/counter.init.js]
[bemudayana.id/index.html]
[bemudayana.id/bem_css/bootstrap.min.css]
[bemudayana.id/moment/moment.js]
[bemudayana.id/fonts/materialdesignicons-webfont772b772b.eot]
[bemudayana.id/fonts/materialdesignicons-webfontd41dd41d.eot]
[bemudayana.id/fullcalendar/dist/fullcalendar.min.js]
[bemudayana.id/fonts/materialdesignicons-webfont772b772b.html]
[bemudayana.id/fonts/materialdesignicons-webfont772b772b.woff]
[bemudayana.id/bem_css/materialdesignicons.min.css]
[bemudayana.id/bem_css/magnific-popup.css]
[bemudayana.id/bem_css/style.css]
[bemudayana.id/fonts/materialdesignicons-webfont772b-2772b.html]
[bemudayana.id/webfontkit/museo700-regular-webfont.woff2]
[bemudayana.id/webfontkit/museo700-regular-webfont.woff]
[bemudayana.id/webfontkit/photograph_signature-webfont.woff2]
[bemudayana.id/webfontkit/photograph_signature-webfont.woff]
[bemudayana.id/webfontkit/stylesheet.css]
[cdnjs.cloudflare.com/ajax/libs/animate.css/4.0.0/animate.min.css]
[bemudayana.id/fullcalendar/dist/fullcalendar.min.css]
[bemudayana.id/fullcalendar/dist/fullcalendar.print.min.css]
[bemudayana.id/bem_index.html]
[bemudayana.id/bem_images/slider/yellow-bg.png]
[bemudayana.id/bem_images/tentang/1.jpg]
[bemudayana.id/bem_images/tentang/2.jpg]
[bemudayana.id/bem_images/tentang/3.jpg]
[bemudayana.id/bem_images/fungsionaris/satyanara.png]
[bemudayana.id/bem_images/fungsionaris/nata.png]
[bemudayana.id/fonts/materialdesignicons-webfont772b772b.svg]
[bemudayana.id/bem_images/fungsionaris/sulfa.png]
[bemudayana.id/bem_images/fungsionaris/dayu.png]
[bemudayana.id/bem_images/fungsionaris/ersanti.png]
[bemudayana.id/bem_images/fungsionaris/puspaa.png]
[bemudayana.id/bem_images/fungsionaris/dian.png]
[bemudayana.id/bem_images/fungsionaris/deva.png]
[bemudayana.id/bem_images/fungsionaris/satya.png]
[bemudayana.id/bem_images/fungsionaris/novri.png]
[bemudayana.id/bem_images/fungsionaris/salsa.png]
[bemudayana.id/bem_images/fungsionaris/philip.png]
[bemudayana.id/bem_images/fungsionaris/nova.png]
[bemudayana.id/bem_images/fungsionaris/santi.png]
[bemudayana.id/bem_images/fungsionaris/mawar.png]
[bemudayana.id/bem_images/fungsionaris/teguh.png]
[bemudayana.id/bem_images/fungsionaris/agus.png]
[bemudayana.id/bem_images/fungsionaris/beatrice.png]
[bemudayana.id/bem_images/fungsionaris/feb.png]
[bemudayana.id/bem_images/fungsionaris/wahyuni.png]
[bemudayana.id/bem_images/fungsionaris/egy.png]
[bemudayana.id/bem_images/fungsionaris/visto.png]
[bemudayana.id/bem_images/fungsionaris/ozora.png]
[bemudayana.id/bem_images/fungsionaris/caca.png]
[bemudayana.id/bem_images/fungsionaris/el.png]
[bemudayana.id/bem_images/fungsionaris/nataa.png]
[bemudayana.id/bem_images/fungsionaris/tara.png]
[bemudayana.id/bem_images/fungsionaris/popy.png]
[bemudayana.id/bem_images/fungsionaris/mik.png]
[bemudayana.id/bem_images/fungsionaris/iin.png]
[bemudayana.id/bem_images/fungsionaris/muson.png]
[bemudayana.id/bem_images/fungsionaris/arif.png]
[bemudayana.id/bem_images/fungsionaris/widya.png]
[bemudayana.id/bem_images/fungsionaris/nia.png]
[bemudayana.id/bem_images/fungsionaris/bastian.png]
[bemudayana.id/bem_images/fungsionaris/haganta.png]
[bemudayana.id/bem_images/fungsionaris/bapa.png]
[bemudayana.id/tentang.html]
[bemudayana.id/bem_images/proker/trash.jpg]
[bemudayana.id/bem_images/proker/earthday.jpg]
[bemudayana.id/bem_images/proker/podcast.png]
[bemudayana.id/bem_images/proker/sima.png]
[bemudayana.id/bem_images/proker/sdu.png]
[bemudayana.id/bem_images/proker/dies.png]
[bemudayana.id/bem_images/proker/posko.png]
[bemudayana.id/bem_images/proker/ujf.png]
[bemudayana.id/program_kerja.html]
[bemudayana.id/bem_images/tim/teguh.png]
[bemudayana.id/bem_images/tim/ngurah.png]
[bemudayana.id/bem_images/tim/shilta.png]
[bemudayana.id/bem_images/tim/laksmi.png]
[bemudayana.id/bem_images/tim/audy.png]
[bemudayana.id/bem_images/tim/mirah.png]
[bemudayana.id/kontak.html]
[bemudayana.id/mainpage/blog_images/icon.png]
[bemudayana.id/mainpage/blog_css/materialdesignicons.min.css]
[bemudayana.id/mainpage/blog_css/magnific-popup.css]
[bemudayana.id/mainpage/blog_css/swiper.min.css]
[bemudayana.id/mainpage/blog_css/bootstrap.min.css]
[bemudayana.id/mainpage/blog_images/logo-dark.png]
[bemudayana.id/mainpage/blog_css/style.css]
[bemudayana.id/mainpage/blog_images/logo-light.png]
[bemudayana.id/mainpage/blog_images/red-bg.png]
[bemudayana.id/mainpage/blog-pagece59.html]
[bemudayana.id/mainpage/blog-page5bd9.html]
[bemudayana.id/mainpage/blog-page51bb.html]
[bemudayana.id/mainpage/blog-page9b7a.html]
[bemudayana.id/mainpage/blog-pagece86.html]
[bemudayana.id/mainpage/blog-pagea515.html]
[bemudayana.id/mainpage/blog-page3923.html]
[bemudayana.id/mainpage/blog-page7cbb.html]
[bemudayana.id/mainpage/blog-page6250.html]
[bemudayana.id/mainpage/blog-pagedbd9.html]
[bemudayana.id/mainpage/blog-page9599.html]
[bemudayana.id/mainpage/blog-page8d70.html]
[cdnjs.cloudflare.com/ajax/libs/popper.js/1.12.9/umd/popper.min.js]
[maxcdn.bootstrapcdn.com/bootstrap/4.0.0/js/bootstrap.min.js]
[bemudayana.id/mainpage/blog_js/jquery.min.js]
[code.jquery.com/jquery-3.2.1.slim.min.js]
[bemudayana.id/mainpage/blog_js/feather.min.js]
[bemudayana.id/mainpage/blog_js/bootstrap.bundle.min.js]
[bemudayana.id/mainpage/blog_js/jquery.magnific-popup.min.js]
[bemudayana.id/mainpage/blog_js/magnific.init.js]
[bemudayana.id/mainpage/blog_js/isotope.js]
[bemudayana.id/mainpage/blog_js/portfolio.init.js]
[bemudayana.id/mainpage/blog_js/swiper.init.js]
[bemudayana.id/mainpage/blog_js/swiper.min.js]
[bemudayana.id/mainpage/blog_js/app.js]
[bemudayana.id/mainpage/blog_js/counter.init.js]
[ajax.googleapis.com/ajax/libs/jquery/3.5.1/jquery.min.js]
[bemudayana.id/mainpage/blog-page.html]
[bemudayana.id/bem_css/swiper.min.css]
[bemudayana.id/bem_images/slider/rekrut.jpg]
[bemudayana.id/perekrutan_terbuka.html]
[bemudayana.id/bem_images/lembaga/fib.png]
[bemudayana.id/bem_images/lembaga/fk.png]
[bemudayana.id/bem_images/lembaga/fp.png]
[bemudayana.id/bem_images/lembaga/fh.png]
[bemudayana.id/bem_images/lembaga/ft.png]
[bemudayana.id/bem_images/lembaga/fapet.png]
[bemudayana.id/bem_images/lembaga/fmipa.png]
[bemudayana.id/bem_images/lembaga/fkh.png]
[bemudayana.id/bem_images/lembaga/feb.png]
[bemudayana.id/bem_images/lembaga/ftp.png]
[bemudayana.id/bem_images/lembaga/fpar.png]
[bemudayana.id/bem_images/lembaga/fkp.png]
[bemudayana.id/bem_images/lembaga/fisip.png]
[bemudayana.id/lembaga_mahasiswa.html]
[bemudayana.id/bem_images/ukm/catur.png]
[bemudayana.id/ukm_detail681a.html]
[bemudayana.id/bem_images/ukm/kopma.png]
[bemudayana.id/ukm_detail0b30.html]
[bemudayana.id/bem_images/ukm/bultang.png]
[bemudayana.id/ukm_detaild708.html]
[bemudayana.id/bem_images/ukm/orok.png]
[bemudayana.id/ukm_detaildcfd.html]
[bemudayana.id/bem_images/ukm/band.png]
[bemudayana.id/ukm_detaild61c.html]
[bemudayana.id/bem_images/ukm/wushu.png]
[bemudayana.id/ukm_detail3a9f.html]
[bemudayana.id/bem_images/ukm/tkd.jpg]
[bemudayana.id/ukm_detail8803.html]
[bemudayana.id/bem_images/ukm/pers.jpg]
[bemudayana.id/ukm_detailc3c9.html]
[bemudayana.id/bem_images/ukm/korps.jpg]
[bemudayana.id/ukm_detail5255.html]
[bemudayana.id/bem_images/ukm/teratai.png]
[bemudayana.id/ukm_detaila9bc.html]
[bemudayana.id/ukm.html]
[bemudayana.id/bem_images/paguyuban/sasak.jpg]
[bemudayana.id/paguyuban_detail681a.html]
[bemudayana.id/bem_images/paguyuban/islam.jpg]
[bemudayana.id/bem_images/paguyuban/jawa.jpg]
[bemudayana.id/paguyuban_detaild708.html]
[bemudayana.id/paguyuban_detail0b30.html]
[bemudayana.id/bem_images/paguyuban/kmk.jpg]
[bemudayana.id/paguyuban_detaildcfd.html]
[bemudayana.id/bem_images/paguyuban/pmb.jpg]
[bemudayana.id/paguyuban_detaild61c.html]
[bemudayana.id/bem_images/paguyuban/pamanahan.jpg]
[bemudayana.id/paguyuban_detail3a9f.html]
[bemudayana.id/bem_images/paguyuban/fphd.jpg]
[bemudayana.id/paguyuban_detail8803.html]
[bemudayana.id/bem_images/paguyuban/ikmm.jpg]
[bemudayana.id/paguyuban_detailc3c9.html]
[bemudayana.id/bem_images/paguyuban/a.jpg]
[bemudayana.id/paguyuban_detail5255.html]
[bemudayana.id/bem_images/paguyuban/fkmbu.jpg]
[bemudayana.id/paguyuban.html]
[bemudayana.id/paguyuban_detailf41b.html]
[bemudayana.id/bem_images/asrama/rusun2.jpg]
[bemudayana.id/bem_images/asrama/rusun1.jpg]
[bemudayana.id/asrama.html]
[bemudayana.id/bem_images/spirit/karsa.svg]
[bemudayana.id/bem_images/spirit/ruang.svg]
[bemudayana.id/bem_images/spirit/karya.svg]
[bemudayana.id/mainpage/blog_images/stickyNotes.jpg]
[bemudayana.id/mainpage/blogposts/single-pagefefb.html]
[bemudayana.id/mainpage/blogposts/single-page3934.html]
[bemudayana.id/mainpage/blogposts/single-page57d7.html]
[bemudayana.id/fonts/materialdesignicons-webfont772b772b.html]
[bemudayana.id/fonts/materialdesignicons-webfont772b-2772b.html]
[bemudayana.id/fonts/materialdesignicons-webfont772b772b.svg]
[bemudayana.id/mainpage/includes/dbh.inc.html]
[bemudayana.id/mainpage/blog_css/bootstrap.min.css]
[bemudayana.id/mainpage/blog_css/materialdesignicons.min.css]
[bemudayana.id/mainpage/blog_css/magnific-popup.css]
[bemudayana.id/mainpage/blog_css/swiper.min.css]
[bemudayana.id/mainpage/blog_css/style.css]
[bemudayana.id/admin.bemudayana.id/dashboard/dist/assets/img/Jembud 1-01.jpg]
[bemudayana.id/mainpage/blogposts/single-paged35f.html]
[bemudayana.id/admin.bemudayana.id/dashboard/dist/assets/img/Jembud 2-01.jpg]
[bemudayana.id/mainpage/blogposts/single-page350e.html]
[bemudayana.id/admin.bemudayana.id/dashboard/dist/assets/img/asdasd-01.jpg]
[bemudayana.id/mainpage/blogposts/single-page99f9.html]
[bemudayana.id/mainpage/blog-pagece59.html]
[bemudayana.id/mainpage/blog-pagef38b.html]
[bemudayana.id/admin.bemudayana.id/dashboard/dist/assets/img/Wisuda ke-138-01.jpg]
[bemudayana.id/mainpage/blogposts/single-page8566.html]
[bemudayana.id/admin.bemudayana.id/dashboard/dist/assets/img/cover cerita september-02.jpg]
[bemudayana.id/mainpage/blogposts/single-page18e0.html]
[bemudayana.id/admin.bemudayana.id/dashboard/dist/assets/img/88D46BAB-2055-48A6-B8FB-DB9EAFC79C24.jpg]
[bemudayana.id/mainpage/blogposts/single-page8fa7.html]
[bemudayana.id/mainpage/blog-page5bd9.html]
[bemudayana.id/admin.bemudayana.id/dashboard/dist/assets/img/6F59D40E-BE98-48CD-8B6C-86BC5EDD5A12.jpg]
[bemudayana.id/mainpage/blogposts/single-page49d9.html]
[bemudayana.id/admin.bemudayana.id/dashboard/dist/assets/img/103103.jpg]
[bemudayana.id/admin.bemudayana.id/dashboard/dist/assets/img/BA83636F-D37B-4759-BE7D-544B04D90F8D.jpg]
[bemudayana.id/mainpage/blogposts/single-page099b.html]
[bemudayana.id/mainpage/blog-page51bb.html]
[bemudayana.id/mainpage/blogposts/single-page1500.html]
[bemudayana.id/admin.bemudayana.id/dashboard/dist/assets/img/95159.jpg]
[bemudayana.id/mainpage/blogposts/single-page6dc2.html]
[bemudayana.id/admin.bemudayana.id/dashboard/dist/assets/img/testssq_monday quotes 29 juni-04.png]
[bemudayana.id/mainpage/blogposts/single-page451b.html]
[bemudayana.id/admin.bemudayana.id/dashboard/dist/assets/img/E86CC543-1D13-4200-AD5D-38EB835D3506.jpg]
[bemudayana.id/mainpage/blogposts/single-pagec6cb.html]
[bemudayana.id/mainpage/blog-page9b7a.html]
[bemudayana.id/admin.bemudayana.id/dashboard/dist/assets/img/27556863-CA6B-424A-9BA8-88A77BB6EA60.jpg]
[bemudayana.id/mainpage/blogposts/single-page1f18.html]
[bemudayana.id/admin.bemudayana.id/dashboard/dist/assets/img/sk ukt ringan.png]
[bemudayana.id/mainpage/blogposts/single-page3665.html]
[bemudayana.id/admin.bemudayana.id/dashboard/dist/assets/img/DB46440B-6620-4F5E-BA7A-41EA683AB2D7.jpg]
[bemudayana.id/mainpage/blog-pagece86.html]
[bemudayana.id/admin.bemudayana.id/dashboard/dist/assets/img/S__19152959.jpg]
[bemudayana.id/mainpage/blogposts/single-pageb881.html]
[bemudayana.id/admin.bemudayana.id/dashboard/dist/assets/img/BLT TAHAP 2.jpg]
[bemudayana.id/mainpage/blog-pagea515.html]
[bemudayana.id/mainpage/blogposts/single-page17df.html]
[bemudayana.id/admin.bemudayana.id/dashboard/dist/assets/img/LINE_P20200528_181422498.jpg]
[bemudayana.id/mainpage/blogposts/single-page14fb.html]
[bemudayana.id/admin.bemudayana.id/dashboard/dist/assets/img/88918797-9EE1-44FD-8BF6-6BF22547BEF0.jpg]
[bemudayana.id/mainpage/blogposts/single-pageabb1.html]
[bemudayana.id/admin.bemudayana.id/dashboard/dist/assets/img/S__17712562.jpg]
[bemudayana.id/mainpage/blogposts/single-page3705.html]
[bemudayana.id/mainpage/blog-page3923.html]
[bemudayana.id/admin.bemudayana.id/dashboard/dist/assets/img/S__17711952.jpg]
[bemudayana.id/mainpage/blogposts/single-pageeed2.html]
[bemudayana.id/admin.bemudayana.id/dashboard/dist/assets/img/B734A9E7-B980-4971-9930-659B57C573B7.jpg]
[bemudayana.id/mainpage/blogposts/single-page8234.html]
[bemudayana.id/admin.bemudayana.id/dashboard/dist/assets/img/LINE_P20200515_225049052.jpg]
[bemudayana.id/mainpage/blog-page7cbb.html]
[bemudayana.id/mainpage/blogposts/single-page6dd5.html]
[bemudayana.id/admin.bemudayana.id/dashboard/dist/assets/img/Artboard 1@2x.jpg]
[bemudayana.id/mainpage/blogposts/single-page666a.html]
[bemudayana.id/admin.bemudayana.id/dashboard/dist/assets/img/marinah.jpg]
[bemudayana.id/mainpage/blogposts/single-pageb5f4.html]
[bemudayana.id/admin.bemudayana.id/dashboard/dist/assets/img/FF27C0A8-1BB9-4708-8BC2-A0706B64B68B.jpg]
[bemudayana.id/mainpage/blogposts/single-pagebb09.html]
[bemudayana.id/mainpage/blog-page6250.html]
[bemudayana.id/admin.bemudayana.id/dashboard/dist/assets/img/kuota gratis ges.jpg]
[bemudayana.id/mainpage/blogposts/single-page3066.html]
[bemudayana.id/admin.bemudayana.id/dashboard/dist/assets/img/KKN BLABLA.jpg]
[bemudayana.id/mainpage/blogposts/single-page24d8.html]
[bemudayana.id/admin.bemudayana.id/dashboard/dist/assets/img/kartini slide 1-01.jpg]
[bemudayana.id/mainpage/blogposts/single-page73bf.html]
[bemudayana.id/mainpage/blog-pagedbd9.html]
[bemudayana.id/admin.bemudayana.id/dashboard/dist/assets/img/1.jpg]
[bemudayana.id/mainpage/blogposts/single-pagef2ab.html]
[bemudayana.id/admin.bemudayana.id/dashboard/dist/assets/img/255085.jpg]
[bemudayana.id/mainpage/blogposts/single-page7bbf.html]
[bemudayana.id/admin.bemudayana.id/dashboard/dist/assets/img/akhirnya mereka dapet juga-01.jpg]
[bemudayana.id/mainpage/blogposts/single-page5c3b.html]
[bemudayana.id/mainpage/blog-page9599.html]
[bemudayana.id/admin.bemudayana.id/dashboard/dist/assets/img/S__16900257.jpg]
[bemudayana.id/mainpage/blogposts/single-pagefb79.html]
[bemudayana.id/admin.bemudayana.id/dashboard/dist/assets/img/E2050A6C-CE60-44BA-B2C8-545A48B5A380.jpg]
[bemudayana.id/mainpage/blogposts/single-page7bb1.html]
[bemudayana.id/admin.bemudayana.id/dashboard/dist/assets/img/S__16900253.jpg]
[bemudayana.id/mainpage/blog-page8d70.html]
[bemudayana.id/bem_css/swiper.min.css]
[bemudayana.id/ukm_detail681a.html]
[bemudayana.id/ukm_detail0b30.html]
[bemudayana.id/ukm_detaild708.html]
[bemudayana.id/ukm_detaildcfd.html]
[bemudayana.id/ukm_detaild61c.html]
[bemudayana.id/ukm_detail3a9f.html]
[bemudayana.id/ukm_detail8803.html]
[bemudayana.id/ukm_detailc3c9.html]
[bemudayana.id/ukm_detail5255.html]
[bemudayana.id/ukm_detaila9bc.html]
[bemudayana.id/paguyuban_detail681a.html]
[bemudayana.id/paguyuban_detail0b30.html]
[bemudayana.id/paguyuban_detaild708.html]
[bemudayana.id/paguyuban_detaildcfd.html]
[bemudayana.id/mainpage/blogposts/single-page12c8.html]
[bemudayana.id/paguyuban_detaild61c.html]
[bemudayana.id/paguyuban_detail3a9f.html]
[bemudayana.id/paguyuban_detail8803.html]
[bemudayana.id/paguyuban_detailc3c9.html]
[bemudayana.id/paguyuban_detail5255.html]
[bemudayana.id/paguyuban_detailf41b.html]
[bemudayana.id/mainpage/blogposts/single-paged35f.html]
[bemudayana.id/mainpage/blogposts/single-page350e.html]
[bemudayana.id/mainpage/blogposts/single-page99f9.html]
[bemudayana.id/mainpage/blog-pagef38b.html]
[bemudayana.id/mainpage/blogposts/single-page8566.html]
[bemudayana.id/mainpage/blogposts/single-page18e0.html]
[bemudayana.id/mainpage/blogposts/single-page8fa7.html]
[bemudayana.id/mainpage/blogposts/single-page49d9.html]
[bemudayana.id/mainpage/blogposts/single-page099b.html]
[bemudayana.id/mainpage/blogposts/single-page1500.html]
[bemudayana.id/mainpage/blogposts/single-page6dc2.html]
[bemudayana.id/mainpage/blogposts/single-page451b.html]
[bemudayana.id/mainpage/blogposts/single-pagec6cb.html]
[bemudayana.id/mainpage/blogposts/single-page1f18.html]
[bemudayana.id/mainpage/blogposts/single-page3665.html]
[bemudayana.id/mainpage/blogposts/single-pageb881.html]
[bemudayana.id/mainpage/blogposts/single-page17df.html]
[bemudayana.id/mainpage/blogposts/single-page14fb.html]
[bemudayana.id/mainpage/blogposts/single-pageabb1.html]
[bemudayana.id/mainpage/blogposts/single-page3705.html]
[bemudayana.id/mainpage/blogposts/single-pageeed2.html]
[bemudayana.id/mainpage/blogposts/single-page8234.html]
[bemudayana.id/mainpage/blogposts/single-page6dd5.html]
[bemudayana.id/mainpage/blogposts/single-page666a.html]
[bemudayana.id/mainpage/blogposts/single-pageb5f4.html]
[bemudayana.id/mainpage/blogposts/single-pagebb09.html]
[bemudayana.id/mainpage/blogposts/single-page3066.html]
[bemudayana.id/mainpage/blogposts/single-page24d8.html]
[bemudayana.id/mainpage/blogposts/single-page73bf.html]
[bemudayana.id/mainpage/blogposts/single-pagef2ab.html]
[bemudayana.id/mainpage/blogposts/single-page7bbf.html]
[bemudayana.id/mainpage/blogposts/single-page5c3b.html]
[bemudayana.id/mainpage/blogposts/single-pagefb79.html]
[bemudayana.id/mainpage/blogposts/single-page7bb1.html]
[bemudayana.id/mainpage/blogposts/single-page12c8.html]
[bemudayana.id/mainpage/fonts/materialdesignicons-webfont772b772b.eot]
